FINAL AUDIT
Wed Aug 26 17:02:10 UTC 2026
FINAL COUNTS
src files: 194
components TSX: 31
api route handlers: 68
page lines: 1877
lib files: 40
BASELINE COUNTS (Oculix-Complete)
src files: 191
components TSX: 28
api route handlers: 68
page lines: 1801
KEY HASHES
6c4b000c9a80aca4369330e89447a850555681509a58d6b69337456eb56206f0  src/app/page.tsx
f83175117d077882417cd539feca963999545a00872cb438fa0056b00ca46230  src/lib/orbit.ts
4f7f7b6607a8ae6d8417329156f2f793a0a8b778a3ed5b47c2e010a3fe9b4c05  src/lib/orbit.test.ts
c9c574d4d345c8632f2a05a7ab4c7ce6d29cd67811814fbce5e2c7404d45e987  src/app/api/satellites/orbit/route.ts
54ed068249280b88c36d91d9545bac39707d6c8c4f788dccd2015b9f685e69e5  public/references/oculix-live-reference.jpg
OLD NAME SCAN (source/public/tools, excluding legal LICENSE)
PWA ASSETS
493eb6477b9fee36fb653d7117c6728c68f9b2dbfbd66ceeef0285664101e56b  public/oculix-icon.png
d280d54d960abff99f918e1cd903ad481a049fa6932d1d1f0448cbed3ebf42d0  public/android-chrome-192x192.png
af7479bb761a82ccc7daa061bccb52f45f3e7fd012597ecf2283f9c3e53d2d0b  public/android-chrome-512x512.png
8c655bb4c352f3c036d28b6adad48f866b55455ae5f8677e4541430631404979  public/apple-touch-icon.png
47afb40c3ec753375866fd862b0bd83ad2aa5a58647fb259e2a092acff2cc66b  public/favicon-16x16.png
eec2937889d0780a21a664a284eb38d2898234f5f3c61f2f6909fcc556b8fb89  public/favicon-32x32.png
3663d196ca2b580d02516a50342367e37f8bf51b8596d031636db808115f8fc3  public/favicon.ico
a813dd96fdbfc5b07344abd43c40f8a648d0b839ea958356109790a84f91be71  public/og-image.png
963f21d378e0c26d531d7c230c53f68e52b57d594b13959fe777306cf605c52e  public/site.webmanifest
d29a485ee7e83bde3949057854d534ad04dccb06307d2ac52ecfd653944fc18e  public/sw.js
