
/home/ubuntu/Oculix-v9-enhanced/src/app/api/ai/overview/route.ts
   50:33  error  Unexpected any. Specify a different type  @typescript-eslint/no-explicit-any
   61:44  error  Unexpected any. Specify a different type  @typescript-eslint/no-explicit-any
  111:32  error  Unexpected any. Specify a different type  @typescript-eslint/no-explicit-any
  115:17  error  Unexpected any. Specify a different type  @typescript-eslint/no-explicit-any
  116:15  error  Unexpected any. Specify a different type  @typescript-eslint/no-explicit-any
  117:18  error  Unexpected any. Specify a different type  @typescript-eslint/no-explicit-any
  118:20  error  Unexpected any. Specify a different type  @typescript-eslint/no-explicit-any
  170:31  error  Unexpected any. Specify a different type  @typescript-eslint/no-explicit-any
  173:19  error  Unexpected any. Specify a different type  @typescript-eslint/no-explicit-any
  174:15  error  Unexpected any. Specify a different type  @typescript-eslint/no-explicit-any
  175:18  error  Unexpected any. Specify a different type  @typescript-eslint/no-explicit-any
  258:38  error  Unexpected any. Specify a different type  @typescript-eslint/no-explicit-any

/home/ubuntu/Oculix-v9-enhanced/src/app/api/scanner/route.ts
  122:15  error  Unexpected any. Specify a different type  @typescript-eslint/no-explicit-any

/home/ubuntu/Oculix-v9-enhanced/src/components/AnalystWorkspace.tsx
  70:31  error  Error: Calling setState synchronously within an effect can trigger cascading renders

Effects are intended to synchronize state between React and external systems such as manually updating the DOM, state management libraries, or other platform APIs. In general, the body of an effect should do one or both of the following:
* Update external systems with the latest state from React.
* Subscribe for updates from some external system, calling setState in a callback function when external state changes.

Calling setState synchronously within an effect body causes cascading renders that can hurt performance, and is not recommended. (https://react.dev/learn/you-might-not-need-an-effect).

/home/ubuntu/Oculix-v9-enhanced/src/components/AnalystWorkspace.tsx:70:31
  68 |   const [aiLoading, setAiLoading] = useState(false);
  69 |
> 70 |   useEffect(() => { if (open) setSaved(readSaved()); }, [open]);
     |                               ^^^^^^^^ Avoid calling setState() directly within an effect
  71 |
  72 |   const currentMetrics = snapshot || metrics;
  73 |   const correlation = useMemo(() => {  react-hooks/set-state-in-effect

/home/ubuntu/Oculix-v9-enhanced/src/components/CommandPalette.tsx
  34:5   error  Error: Calling setState synchronously within an effect can trigger cascading renders

Effects are intended to synchronize state between React and external systems such as manually updating the DOM, state management libraries, or other platform APIs. In general, the body of an effect should do one or both of the following:
* Update external systems with the latest state from React.
* Subscribe for updates from some external system, calling setState in a callback function when external state changes.

Calling setState synchronously within an effect body causes cascading renders that can hurt performance, and is not recommended. (https://react.dev/learn/you-might-not-need-an-effect).

/home/ubuntu/Oculix-v9-enhanced/src/components/CommandPalette.tsx:34:5
  32 |   useEffect(() => {
  33 |     if (!open) return;
> 34 |     setQuery(''); setSelected(0);
     |     ^^^^^^^^ Avoid calling setState() directly within an effect
  35 |     window.setTimeout(() => inputRef.current?.focus(), 0);
  36 |   }, [open]);
  37 |   useEffect(() => { setSelected(index => Math.min(index, Math.max(0, filtered.length - 1))); }, [filtered.length]);                                                                                   react-hooks/set-state-in-effect
  37:21  error  Error: Calling setState synchronously within an effect can trigger cascading renders

Effects are intended to synchronize state between React and external systems such as manually updating the DOM, state management libraries, or other platform APIs. In general, the body of an effect should do one or both of the following:
* Update external systems with the latest state from React.
* Subscribe for updates from some external system, calling setState in a callback function when external state changes.

Calling setState synchronously within an effect body causes cascading renders that can hurt performance, and is not recommended. (https://react.dev/learn/you-might-not-need-an-effect).

/home/ubuntu/Oculix-v9-enhanced/src/components/CommandPalette.tsx:37:21
  35 |     window.setTimeout(() => inputRef.current?.focus(), 0);
  36 |   }, [open]);
> 37 |   useEffect(() => { setSelected(index => Math.min(index, Math.max(0, filtered.length - 1))); }, [filtered.length]);
     |                     ^^^^^^^^^^^ Avoid calling setState() directly within an effect
  38 |
  39 |   const runSelected = () => { const item = filtered[selected]; if (!item) return; onRun(item[0]); onClose(); };
  40 |   if (!open) return null;  react-hooks/set-state-in-effect

/home/ubuntu/Oculix-v9-enhanced/src/components/IntelligenceModeBar.tsx
  23:34   error  Error: Cannot call impure function during render

`Date.now` is an impure function. Calling an impure function can produce unstable results that update unpredictably when the component happens to re-render. (https://react.dev/reference/rules/components-and-hooks-must-be-pure#components-and-hooks-must-be-idempotent).

/home/ubuntu/Oculix-v9-enhanced/src/components/IntelligenceModeBar.tsx:23:34
  21 |   const isArabic = language === 'ar';
  22 |   const date = new Date(timeCursor);
> 23 |   const relative = timeCursor >= Date.now() - 90_000 ? (isArabic ? 'الآن' : 'NOW') : date.toLocaleString(isArabic ? 'ar' : 'en', { dateStyle: 'short', timeStyle: 'short' });
     |                                  ^^^^^^^^^^ Cannot call impure function
  24 |   return <div className="oculix-mode-bar" dir={isArabic ? 'rtl' : 'ltr'}>
  25 |     <div className="oculix-mode-bar-heading"><TimerReset size={13} /><span>{isArabic ? 'عدسة الاستخبارات' : 'INTELLIGENCE LENS'}</span><small>{isArabic ? 'لا تحذف الطبقات؛ تغيّر سياق العرض فقط' : 'Context lens only — original layers remain available'}</small></div>
  26 |     <div className="oculix-mode-options">{modes.map(([id, ar, en, Icon]) => <button key={id} type="button" className={mode === id ? 'is-selected' : ''} onClick={() => onModeChange(id)} title={isArabic ? ar : en} aria-label={isArabic ? ar : en}><Icon size={12} /><span>{isArabic ? ar : en}</span></button>)}</div>                                                                                                                                                                                                                                                                                            react-hooks/purity
  27:137  error  Error: Cannot call impure function during render

`Date.now` is an impure function. Calling an impure function can produce unstable results that update unpredictably when the component happens to re-render. (https://react.dev/reference/rules/components-and-hooks-must-be-pure#components-and-hooks-must-be-idempotent).

/home/ubuntu/Oculix-v9-enhanced/src/components/IntelligenceModeBar.tsx:27:137
  25 |     <div className="oculix-mode-bar-heading"><TimerReset size={13} /><span>{isArabic ? 'عدسة الاستخبارات' : 'INTELLIGENCE LENS'}</span><small>{isArabic ? 'لا تحذف الطبقات؛ تغيّر سياق العرض فقط' : 'Context lens only — original layers remain available'}</small></div>
  26 |     <div className="oculix-mode-options">{modes.map(([id, ar, en, Icon]) => <button key={id} type="button" className={mode === id ? 'is-selected' : ''} onClick={() => onModeChange(id)} title={isArabic ? ar : en} aria-label={isArabic ? ar : en}><Icon size={12} /><span>{isArabic ? ar : en}</span></button>)}</div>
> 27 |     <div className="oculix-time-control"><span>{isArabic ? 'الزمن' : 'TIME'} <strong>{relative}</strong></span><input type="range" min={Date.now() - 7 * 24 * 60 * 60 * 1000} max={Date.now()} step={60_000} value={timeCursor} onChange={event => onTimeChange(Number(event.target.value))} aria-label={isArabic ? 'شريط الزمن' : 'Time slider'} /><button type="button" onClick={() => onTimeChange(Date.now())}>{isArabic ? 'الآن' : 'NOW'}</button></div>
     |                                                                                                                                         ^^^^^^^^^^ Cannot call impure function
  28 |   </div>;
  29 | }
  30 |                                             react-hooks/purity
  27:180  error  Error: Cannot call impure function during render

`Date.now` is an impure function. Calling an impure function can produce unstable results that update unpredictably when the component happens to re-render. (https://react.dev/reference/rules/components-and-hooks-must-be-pure#components-and-hooks-must-be-idempotent).

/home/ubuntu/Oculix-v9-enhanced/src/components/IntelligenceModeBar.tsx:27:180
  25 |     <div className="oculix-mode-bar-heading"><TimerReset size={13} /><span>{isArabic ? 'عدسة الاستخبارات' : 'INTELLIGENCE LENS'}</span><small>{isArabic ? 'لا تحذف الطبقات؛ تغيّر سياق العرض فقط' : 'Context lens only — original layers remain available'}</small></div>
  26 |     <div className="oculix-mode-options">{modes.map(([id, ar, en, Icon]) => <button key={id} type="button" className={mode === id ? 'is-selected' : ''} onClick={() => onModeChange(id)} title={isArabic ? ar : en} aria-label={isArabic ? ar : en}><Icon size={12} /><span>{isArabic ? ar : en}</span></button>)}</div>
> 27 |     <div className="oculix-time-control"><span>{isArabic ? 'الزمن' : 'TIME'} <strong>{relative}</strong></span><input type="range" min={Date.now() - 7 * 24 * 60 * 60 * 1000} max={Date.now()} step={60_000} value={timeCursor} onChange={event => onTimeChange(Number(event.target.value))} aria-label={isArabic ? 'شريط الزمن' : 'Time slider'} /><button type="button" onClick={() => onTimeChange(Date.now())}>{isArabic ? 'الآن' : 'NOW'}</button></div>
     |                                                                                                                                                                                    ^^^^^^^^^^ Cannot call impure function
  28 |   </div>;
  29 | }
  30 |  react-hooks/purity

✖ 19 problems (19 errors, 0 warnings)

