=== TEST ===
0

stderr | src/lib/sourceCache.test.ts > cachedSource > returns empty when the first fetch fails with nothing cached
[OCULIX] t6 fetch failed with no cache to fall back on: Error: down
    at /home/ubuntu/Oculix-v9-enhanced/src/lib/sourceCache.test.ts:69:62
    at /home/ubuntu/Oculix-v9-enhanced/src/lib/sourceCache.ts:70:28
    at /home/ubuntu/Oculix-v9-enhanced/src/lib/sourceCache.ts:95:5
    at /home/ubuntu/Oculix-v9-enhanced/src/lib/sourceCache.test.ts:70:18
    at file:///home/ubuntu/Oculix-v9-enhanced/node_modules/@vitest/runner/dist/index.js:146:14
    at file:///home/ubuntu/Oculix-v9-enhanced/node_modules/@vitest/runner/dist/index.js:533:11
    at runWithTimeout (file:///home/ubuntu/Oculix-v9-enhanced/node_modules/@vitest/runner/dist/index.js:39:7)
    at runTest (file:///home/ubuntu/Oculix-v9-enhanced/node_modules/@vitest/runner/dist/index.js:1056:17)
    at runSuite (file:///home/ubuntu/Oculix-v9-enhanced/node_modules/@vitest/runner/dist/index.js:1205:15)
    at runSuite (file:///home/ubuntu/Oculix-v9-enhanced/node_modules/@vitest/runner/dist/index.js:1205:15)

 ✓ src/lib/sourceCache.test.ts (7 tests) 118ms
 ✓ src/app/api/cctv/oregon.test.ts (6 tests | 1 skipped) 5ms
 ✓ src/lib/freshness.test.ts (5 tests) 5ms
 ✓ src/lib/sourceHealth.test.ts (4 tests) 18ms
 ✓ src/app/api/markets/history/route.test.ts (8 tests) 8ms
 ✓ src/lib/scanner-policy.test.ts (4 tests) 4ms
 ✓ src/lib/ssrf-guard.test.ts (3 tests) 13ms
 ✓ src/lib/auditLog.test.ts (2 tests) 7ms

 Test Files  29 passed (29)
      Tests  383 passed | 6 skipped (389)
   Start at  12:46:07
   Duration  2.73s (transform 884ms, setup 0ms, collect 2.75s, tests 533ms, environment 6ms, prepare 2.86s)

=== BUILD ===
0
├ ƒ /api/maritime
├ ƒ /api/markets
├ ƒ /api/markets/history
├ ƒ /api/news
├ ƒ /api/osint/bgp
├ ƒ /api/osint/certs
├ ƒ /api/osint/crypto
├ ƒ /api/osint/cve
├ ƒ /api/osint/dns
├ ƒ /api/osint/github
├ ƒ /api/osint/hudsonrock
├ ƒ /api/osint/ip
├ ƒ /api/osint/leaks
├ ƒ /api/osint/mac
├ ƒ /api/osint/phone
├ ƒ /api/osint/sanctions
├ ƒ /api/osint/shodan
├ ƒ /api/osint/sweep
├ ƒ /api/osint/threats
├ ƒ /api/osint/username
├ ƒ /api/osint/whois
├ ƒ /api/proxy-tiles
├ ƒ /api/radar
├ ƒ /api/region-dossier
├ ƒ /api/satellites
├ ƒ /api/satellites/orbit
├ ƒ /api/scanner
├ ƒ /api/scm-suppliers
├ ƒ /api/sdk/ingest
├ ƒ /api/sdk/stream
├ ƒ /api/sentinel
├ ƒ /api/space-weather
├ ƒ /api/stats
├ ƒ /api/weather
└ ○ /docs


ƒ Proxy (Middleware)

○  (Static)   prerendered as static content
ƒ  (Dynamic)  server-rendered on demand

